// Jest Snapshot v1, https://goo.gl/fbAQLP

exports[`CounterButton.js component: expect to render CounterButton component 1`] = `ShallowWrapper {}`;
