// Jest Snapshot v1, https://goo.gl/fbAQLP

exports[`Scroll.js coponent: renders the Scroll.js component 1`] = `ShallowWrapper {}`;
